{
  "checks": {
    "completed_trials": 96,
    "completed_requests": 1152,
    "completed_configs": 9,
    "token_usage_and_engine_service_verified": true,
    "arrival_order_verified": true,
    "preemptions_match_metrics": true,
    "replay_plus_terminal_discard_equals_lost": true,
    "growth_admission_invariants": true,
    "handoff_urgency_invariants": true,
    "native_capacity_checks": true,
    "extended_prefill_metric_excludes_replay": true,
    "frozen_code_verified": true,
    "unfinished": [],
    "diagnostics_excluded": true
  },
  "policies": {
    "main_pressure": {
      "adaptive_resume": {
        "trials": 12,
        "requests": 144,
        "stalled": 17,
        "evictions": 35,
        "replay": 20849,
        "excess": 53.25378735199865,
        "worst": 9.596981214999687,
        "budget_misses": 23,
        "repeat_victims": 6,
        "handoffs": 0,
        "growth_denials": 0,
        "wait_sum_s": 75.95962055999826,
        "handoff_target_next_pass": 0,
        "handoff_victim_next_pass": 0,
        "terminal_discard": 0,
        "terminal_evictions": 0,
        "engine_over_budget": 23,
        "client_only_budget_misses": 0,
        "wait_coverage": 0.960184626887292,
        "stalled_gt_0.25": 26,
        "stalled_gt_0.5": 23,
        "stalled_gt_1": 17,
        "stalled_gt_2": 12,
        "stalled_gt_5": 5
      },
      "baseline": {
        "trials": 12,
        "requests": 144,
        "stalled": 27,
        "evictions": 58,
        "replay": 29914,
        "excess": 99.26402647998839,
        "worst": 10.41626514499876,
        "budget_misses": 36,
        "repeat_victims": 10,
        "handoffs": 0,
        "growth_denials": 0,
        "wait_sum_s": 137.01897495599405,
        "handoff_target_next_pass": 0,
        "handoff_victim_next_pass": 0,
        "terminal_discard": 0,
        "terminal_evictions": 0,
        "engine_over_budget": 36,
        "client_only_budget_misses": 0,
        "wait_coverage": 0.9629868100255137,
        "stalled_gt_0.25": 41,
        "stalled_gt_0.5": 36,
        "stalled_gt_1": 27,
        "stalled_gt_2": 21,
        "stalled_gt_5": 8
      },
      "growth_only": {
        "trials": 12,
        "requests": 144,
        "stalled": 11,
        "evictions": 18,
        "replay": 12191,
        "excess": 37.11989319600161,
        "worst": 7.909195737000118,
        "budget_misses": 13,
        "repeat_victims": 4,
        "handoffs": 0,
        "growth_denials": 4892,
        "wait_sum_s": 50.826948818001256,
        "handoff_target_next_pass": 0,
        "handoff_victim_next_pass": 0,
        "terminal_discard": 0,
        "terminal_evictions": 0,
        "engine_over_budget": 13,
        "client_only_budget_misses": 0,
        "wait_coverage": 0.9631055840093828,
        "stalled_gt_0.25": 14,
        "stalled_gt_0.5": 13,
        "stalled_gt_1": 11,
        "stalled_gt_2": 8,
        "stalled_gt_5": 4
      },
      "guard128": {
        "trials": 12,
        "requests": 144,
        "stalled": 0,
        "evictions": 183,
        "replay": 148942,
        "excess": 0,
        "worst": 0.5656354519996967,
        "budget_misses": 4,
        "repeat_victims": 26,
        "handoffs": 167,
        "growth_denials": 5603,
        "wait_sum_s": 47.23117761098638,
        "handoff_target_next_pass": 153,
        "handoff_victim_next_pass": 0,
        "terminal_discard": 1023,
        "terminal_evictions": 1,
        "engine_over_budget": 4,
        "client_only_budget_misses": 0,
        "wait_coverage": null,
        "stalled_gt_0.25": 38,
        "stalled_gt_0.5": 4,
        "stalled_gt_1": 0,
        "stalled_gt_2": 0,
        "stalled_gt_5": 0
      },
      "guard256": {
        "trials": 12,
        "requests": 144,
        "stalled": 0,
        "evictions": 113,
        "replay": 98839,
        "excess": 0,
        "worst": 0.5633827219990053,
        "budget_misses": 4,
        "repeat_victims": 16,
        "handoffs": 109,
        "growth_denials": 7583,
        "wait_sum_s": 30.02572636500372,
        "handoff_target_next_pass": 101,
        "handoff_victim_next_pass": 0,
        "terminal_discard": 0,
        "terminal_evictions": 0,
        "engine_over_budget": 4,
        "client_only_budget_misses": 0,
        "wait_coverage": null,
        "stalled_gt_0.25": 16,
        "stalled_gt_0.5": 4,
        "stalled_gt_1": 0,
        "stalled_gt_2": 0,
        "stalled_gt_5": 0
      },
      "slai_port": {
        "trials": 12,
        "requests": 144,
        "stalled": 22,
        "evictions": 58,
        "replay": 35360,
        "excess": 36.362329162000606,
        "worst": 4.75210620299913,
        "budget_misses": 39,
        "repeat_victims": 10,
        "handoffs": 0,
        "growth_denials": 0,
        "wait_sum_s": 74.86526388400398,
        "handoff_target_next_pass": 0,
        "handoff_victim_next_pass": 0,
        "terminal_discard": 0,
        "terminal_evictions": 0,
        "engine_over_budget": 39,
        "client_only_budget_misses": 0,
        "wait_coverage": 0.9482352882040499,
        "stalled_gt_0.25": 46,
        "stalled_gt_0.5": 39,
        "stalled_gt_1": 22,
        "stalled_gt_2": 12,
        "stalled_gt_5": 0
      }
    },
    "long_tail": {
      "baseline": {
        "trials": 2,
        "requests": 24,
        "stalled": 8,
        "evictions": 15,
        "replay": 9745,
        "excess": 48.049513008998474,
        "worst": 13.660950952000348,
        "budget_misses": 8,
        "repeat_victims": 3,
        "handoffs": 0,
        "growth_denials": 0,
        "wait_sum_s": 59.529340148999836,
        "handoff_target_next_pass": 0,
        "handoff_victim_next_pass": 0,
        "terminal_discard": 0,
        "terminal_evictions": 0,
        "engine_over_budget": 8,
        "client_only_budget_misses": 0,
        "wait_coverage": 0.966477483727496,
        "stalled_gt_0.25": 8,
        "stalled_gt_0.5": 8,
        "stalled_gt_1": 8,
        "stalled_gt_2": 7,
        "stalled_gt_5": 4
      },
      "guard128": {
        "trials": 2,
        "requests": 24,
        "stalled": 0,
        "evictions": 1336,
        "replay": 1778160,
        "excess": 0,
        "worst": 0.7081627019997541,
        "budget_misses": 9,
        "repeat_victims": 10,
        "handoffs": 1326,
        "growth_denials": 893,
        "wait_sum_s": 442.6175917409764,
        "handoff_target_next_pass": 1043,
        "handoff_victim_next_pass": 0,
        "terminal_discard": 1663,
        "terminal_evictions": 1,
        "engine_over_budget": 9,
        "client_only_budget_misses": 0,
        "wait_coverage": null,
        "stalled_gt_0.25": 10,
        "stalled_gt_0.5": 9,
        "stalled_gt_1": 0,
        "stalled_gt_2": 0,
        "stalled_gt_5": 0
      },
      "guard256": {
        "trials": 2,
        "requests": 24,
        "stalled": 0,
        "evictions": 656,
        "replay": 790272,
        "excess": 0,
        "worst": 0.6181789719994413,
        "budget_misses": 7,
        "repeat_victims": 12,
        "handoffs": 649,
        "growth_denials": 1495,
        "wait_sum_s": 154.03940149798837,
        "handoff_target_next_pass": 417,
        "handoff_victim_next_pass": 0,
        "terminal_discard": 3710,
        "terminal_evictions": 2,
        "engine_over_budget": 7,
        "client_only_budget_misses": 0,
        "wait_coverage": null,
        "stalled_gt_0.25": 9,
        "stalled_gt_0.5": 7,
        "stalled_gt_1": 0,
        "stalled_gt_2": 0,
        "stalled_gt_5": 0
      },
      "guard_fast": {
        "trials": 2,
        "requests": 24,
        "stalled": 0,
        "evictions": 2501,
        "replay": 3293548,
        "excess": 0,
        "worst": 0.7135782280001877,
        "budget_misses": 10,
        "repeat_victims": 11,
        "handoffs": 2496,
        "growth_denials": 890,
        "wait_sum_s": 674.2860354600416,
        "handoff_target_next_pass": 2012,
        "handoff_victim_next_pass": 0,
        "terminal_discard": 5692,
        "terminal_evictions": 4,
        "engine_over_budget": 10,
        "client_only_budget_misses": 0,
        "wait_coverage": null,
        "stalled_gt_0.25": 10,
        "stalled_gt_0.5": 9,
        "stalled_gt_1": 0,
        "stalled_gt_2": 0,
        "stalled_gt_5": 0
      },
      "guard_relaxed": {
        "trials": 2,
        "requests": 24,
        "stalled": 0,
        "evictions": 351,
        "replay": 467020,
        "excess": 0,
        "worst": 0.8456219039999269,
        "budget_misses": 0,
        "repeat_victims": 9,
        "handoffs": 338,
        "growth_denials": 906,
        "wait_sum_s": 172.38160855297065,
        "handoff_target_next_pass": 264,
        "handoff_victim_next_pass": 0,
        "terminal_discard": 0,
        "terminal_evictions": 0,
        "engine_over_budget": 0,
        "client_only_budget_misses": 0,
        "wait_coverage": null,
        "stalled_gt_0.25": 9,
        "stalled_gt_0.5": 9,
        "stalled_gt_1": 0,
        "stalled_gt_2": 0,
        "stalled_gt_5": 0
      },
      "slai_port": {
        "trials": 2,
        "requests": 24,
        "stalled": 8,
        "evictions": 23,
        "replay": 19024,
        "excess": 52.308963091001715,
        "worst": 11.397624152999924,
        "budget_misses": 9,
        "repeat_victims": 7,
        "handoffs": 0,
        "growth_denials": 0,
        "wait_sum_s": 69.19314770499841,
        "handoff_target_next_pass": 0,
        "handoff_victim_next_pass": 0,
        "terminal_discard": 0,
        "terminal_evictions": 0,
        "engine_over_budget": 9,
        "client_only_budget_misses": 0,
        "wait_coverage": 0.9716677721149886,
        "stalled_gt_0.25": 10,
        "stalled_gt_0.5": 9,
        "stalled_gt_1": 8,
        "stalled_gt_2": 6,
        "stalled_gt_5": 5
      }
    },
    "relief": {
      "baseline": {
        "trials": 4,
        "requests": 48,
        "stalled": 0,
        "evictions": 0,
        "replay": 0,
        "excess": 0,
        "worst": 0.06266854299974511,
        "budget_misses": 0,
        "repeat_victims": 0,
        "handoffs": 0,
        "growth_denials": 0,
        "wait_sum_s": 0,
        "handoff_target_next_pass": 0,
        "handoff_victim_next_pass": 0,
        "terminal_discard": 0,
        "terminal_evictions": 0,
        "engine_over_budget": 0,
        "client_only_budget_misses": 0,
        "wait_coverage": null,
        "stalled_gt_0.25": 0,
        "stalled_gt_0.5": 0,
        "stalled_gt_1": 0,
        "stalled_gt_2": 0,
        "stalled_gt_5": 0
      },
      "guard128": {
        "trials": 4,
        "requests": 48,
        "stalled": 0,
        "evictions": 0,
        "replay": 0,
        "excess": 0,
        "worst": 0.066953931000171,
        "budget_misses": 0,
        "repeat_victims": 0,
        "handoffs": 0,
        "growth_denials": 0,
        "wait_sum_s": 0,
        "handoff_target_next_pass": 0,
        "handoff_victim_next_pass": 0,
        "terminal_discard": 0,
        "terminal_evictions": 0,
        "engine_over_budget": 0,
        "client_only_budget_misses": 0,
        "wait_coverage": null,
        "stalled_gt_0.25": 0,
        "stalled_gt_0.5": 0,
        "stalled_gt_1": 0,
        "stalled_gt_2": 0,
        "stalled_gt_5": 0
      }
    }
  },
  "paired_main": {
    "slai_port_vs_baseline": {
      "pairs": 12,
      "throughput_ratio_geo": 1.0265640560201947,
      "ttft_ratio_geo": 0.6824549714643119,
      "completion_ratio_geo": 1.0112634126899769,
      "throughput_ratio_min": 0.9230050818866097,
      "throughput_ratio_max": 1.2399808412333164,
      "reference_stalled": 27,
      "policy_stalled": 22,
      "reference_budget_misses": 36,
      "policy_budget_misses": 39,
      "reference_evictions": 58,
      "policy_evictions": 58,
      "reference_replay": 29914,
      "policy_replay": 35360,
      "reference_excess": 99.26402647998839,
      "policy_excess": 36.362329162000606,
      "reference_repeat_victims": 10,
      "policy_repeat_victims": 10,
      "reference_worst": 10.41626514499876,
      "policy_worst": 4.75210620299913,
      "gap_improved": 10,
      "gap_worsened": 2,
      "stalls_improved": 5,
      "stalls_worsened": 3
    },
    "guard128_vs_slai_port": {
      "pairs": 12,
      "throughput_ratio_geo": 0.8766511499911104,
      "ttft_ratio_geo": 2.196076968500905,
      "completion_ratio_geo": 1.112011052197254,
      "throughput_ratio_min": 0.6644337902961946,
      "throughput_ratio_max": 1.048276743431184,
      "reference_stalled": 22,
      "policy_stalled": 0,
      "reference_budget_misses": 39,
      "policy_budget_misses": 4,
      "reference_evictions": 58,
      "policy_evictions": 183,
      "reference_replay": 35360,
      "policy_replay": 148942,
      "reference_excess": 36.362329162000606,
      "policy_excess": 0,
      "reference_repeat_victims": 10,
      "policy_repeat_victims": 26,
      "reference_worst": 4.75210620299913,
      "policy_worst": 0.5656354519996967,
      "gap_improved": 12,
      "gap_worsened": 0,
      "stalls_improved": 10,
      "stalls_worsened": 0
    },
    "guard_fast_vs_baseline": {},
    "guard256_vs_baseline": {
      "pairs": 12,
      "throughput_ratio_geo": 0.9104592197971573,
      "ttft_ratio_geo": 3.7627683417443754,
      "completion_ratio_geo": 1.1303403430653944,
      "throughput_ratio_min": 0.7939945451816832,
      "throughput_ratio_max": 1.0758922854455504,
      "reference_stalled": 27,
      "policy_stalled": 0,
      "reference_budget_misses": 36,
      "policy_budget_misses": 4,
      "reference_evictions": 58,
      "policy_evictions": 113,
      "reference_replay": 29914,
      "policy_replay": 98839,
      "reference_excess": 99.26402647998839,
      "policy_excess": 0,
      "reference_repeat_victims": 10,
      "policy_repeat_victims": 16,
      "reference_worst": 10.41626514499876,
      "policy_worst": 0.5633827219990053,
      "gap_improved": 12,
      "gap_worsened": 0,
      "stalls_improved": 11,
      "stalls_worsened": 0
    },
    "adaptive_resume_vs_baseline": {
      "pairs": 12,
      "throughput_ratio_geo": 0.9823233782969503,
      "ttft_ratio_geo": 1.07015638186988,
      "completion_ratio_geo": 1.0224208692118228,
      "throughput_ratio_min": 0.8271964071298535,
      "throughput_ratio_max": 1.1752200008205649,
      "reference_stalled": 27,
      "policy_stalled": 17,
      "reference_budget_misses": 36,
      "policy_budget_misses": 23,
      "reference_evictions": 58,
      "policy_evictions": 35,
      "reference_replay": 29914,
      "policy_replay": 20849,
      "reference_excess": 99.26402647998839,
      "policy_excess": 53.25378735199865,
      "reference_repeat_victims": 10,
      "policy_repeat_victims": 6,
      "reference_worst": 10.41626514499876,
      "policy_worst": 9.596981214999687,
      "gap_improved": 10,
      "gap_worsened": 2,
      "stalls_improved": 6,
      "stalls_worsened": 0
    },
    "guard128_vs_adaptive_resume": {
      "pairs": 12,
      "throughput_ratio_geo": 0.9161326912628934,
      "ttft_ratio_geo": 1.4004716228977712,
      "completion_ratio_geo": 1.0998759174984996,
      "throughput_ratio_min": 0.7321506103087604,
      "throughput_ratio_max": 1.0416197229466877,
      "reference_stalled": 17,
      "policy_stalled": 0,
      "reference_budget_misses": 23,
      "policy_budget_misses": 4,
      "reference_evictions": 35,
      "policy_evictions": 183,
      "reference_replay": 20849,
      "policy_replay": 148942,
      "reference_excess": 53.25378735199865,
      "policy_excess": 0,
      "reference_repeat_victims": 6,
      "policy_repeat_victims": 26,
      "reference_worst": 9.596981214999687,
      "policy_worst": 0.5656354519996967,
      "gap_improved": 12,
      "gap_worsened": 0,
      "stalls_improved": 9,
      "stalls_worsened": 0
    },
    "guard128_vs_growth_only": {
      "pairs": 12,
      "throughput_ratio_geo": 0.9112504161179924,
      "ttft_ratio_geo": 0.9657235356151138,
      "completion_ratio_geo": 1.1044082596167573,
      "throughput_ratio_min": 0.7345633780949573,
      "throughput_ratio_max": 1.0375282755445276,
      "reference_stalled": 11,
      "policy_stalled": 0,
      "reference_budget_misses": 13,
      "policy_budget_misses": 4,
      "reference_evictions": 18,
      "policy_evictions": 183,
      "reference_replay": 12191,
      "policy_replay": 148942,
      "reference_excess": 37.11989319600161,
      "policy_excess": 0,
      "reference_repeat_victims": 4,
      "policy_repeat_victims": 26,
      "reference_worst": 7.909195737000118,
      "policy_worst": 0.5656354519996967,
      "gap_improved": 6,
      "gap_worsened": 2,
      "stalls_improved": 6,
      "stalls_worsened": 0
    },
    "guard_fast_vs_guard128": {},
    "guard256_vs_guard128": {
      "pairs": 12,
      "throughput_ratio_geo": 1.0116904197822087,
      "ttft_ratio_geo": 2.510648547261992,
      "completion_ratio_geo": 1.0051614630377936,
      "throughput_ratio_min": 0.9451158105403503,
      "throughput_ratio_max": 1.1034119591384954,
      "reference_stalled": 0,
      "policy_stalled": 0,
      "reference_budget_misses": 4,
      "policy_budget_misses": 4,
      "reference_evictions": 183,
      "policy_evictions": 113,
      "reference_replay": 148942,
      "policy_replay": 98839,
      "reference_excess": 0,
      "policy_excess": 0,
      "reference_repeat_victims": 26,
      "policy_repeat_victims": 16,
      "reference_worst": 0.5656354519996967,
      "policy_worst": 0.5633827219990053,
      "gap_improved": 4,
      "gap_worsened": 0,
      "stalls_improved": 0,
      "stalls_worsened": 0
    },
    "guard128_vs_baseline": {
      "pairs": 12,
      "throughput_ratio_geo": 0.8999385602496425,
      "ttft_ratio_geo": 1.4987236448717176,
      "completion_ratio_geo": 1.124536091593967,
      "throughput_ratio_min": 0.7435384915188025,
      "throughput_ratio_max": 1.138370846669501,
      "reference_stalled": 27,
      "policy_stalled": 0,
      "reference_budget_misses": 36,
      "policy_budget_misses": 4,
      "reference_evictions": 58,
      "policy_evictions": 183,
      "reference_replay": 29914,
      "policy_replay": 148942,
      "reference_excess": 99.26402647998839,
      "policy_excess": 0,
      "reference_repeat_victims": 10,
      "policy_repeat_victims": 26,
      "reference_worst": 10.41626514499876,
      "policy_worst": 0.5656354519996967,
      "gap_improved": 12,
      "gap_worsened": 0,
      "stalls_improved": 11,
      "stalls_worsened": 0
    },
    "guard_relaxed_vs_baseline": {},
    "guard_relaxed_vs_guard128": {},
    "growth_only_vs_baseline": {
      "pairs": 12,
      "throughput_ratio_geo": 0.9875864464166288,
      "ttft_ratio_geo": 1.551917903623537,
      "completion_ratio_geo": 1.0182249922543993,
      "throughput_ratio_min": 0.8833303169991754,
      "throughput_ratio_max": 1.1431461703762433,
      "reference_stalled": 27,
      "policy_stalled": 11,
      "reference_budget_misses": 36,
      "policy_budget_misses": 13,
      "reference_evictions": 58,
      "policy_evictions": 18,
      "reference_replay": 29914,
      "policy_replay": 12191,
      "reference_excess": 99.26402647998839,
      "policy_excess": 37.11989319600161,
      "reference_repeat_victims": 10,
      "policy_repeat_victims": 4,
      "reference_worst": 10.41626514499876,
      "policy_worst": 7.909195737000118,
      "gap_improved": 11,
      "gap_worsened": 0,
      "stalls_improved": 8,
      "stalls_worsened": 0
    }
  }
}
