{
  "checks": {
    "completed_trials": 8,
    "completed_requests": 96,
    "completed_configs": 1,
    "token_usage_and_engine_service_verified": true,
    "arrival_order_verified": true,
    "preemptions_match_metrics": true,
    "replay_plus_terminal_discard_equals_lost": true,
    "growth_admission_invariants": true,
    "handoff_urgency_invariants": true,
    "native_capacity_checks": true,
    "extended_prefill_metric_excludes_replay": true,
    "frozen_code_verified": true,
    "unfinished": [],
    "diagnostics_excluded": false
  },
  "policies": {
    "main_pressure": {
      "adaptive_resume": {
        "trials": 1,
        "requests": 12,
        "stalled": 2,
        "evictions": 2,
        "replay": 925,
        "excess": 2.5120704289993228,
        "worst": 2.7691826579994085,
        "budget_misses": 2,
        "repeat_victims": 0,
        "handoffs": 0,
        "growth_denials": 0,
        "wait_sum_s": 4.3277656879999995,
        "wait_coverage": 0.9528603067381533,
        "stalled_gt_0.25": 2,
        "stalled_gt_0.5": 2,
        "stalled_gt_1": 2,
        "stalled_gt_2": 1,
        "stalled_gt_5": 0
      },
      "baseline": {
        "trials": 1,
        "requests": 12,
        "stalled": 2,
        "evictions": 3,
        "replay": 1461,
        "excess": 2.8561567420001666,
        "worst": 2.959719538999707,
        "budget_misses": 2,
        "repeat_victims": 1,
        "handoffs": 0,
        "growth_denials": 0,
        "wait_sum_s": 4.88520924200111,
        "wait_coverage": 0.9519218772367976,
        "stalled_gt_0.25": 2,
        "stalled_gt_0.5": 2,
        "stalled_gt_1": 2,
        "stalled_gt_2": 1,
        "stalled_gt_5": 0
      },
      "growth_only": {
        "trials": 1,
        "requests": 12,
        "stalled": 0,
        "evictions": 0,
        "replay": 0,
        "excess": 0,
        "worst": 0.08080224199966324,
        "budget_misses": 0,
        "repeat_victims": 0,
        "handoffs": 0,
        "growth_denials": 516,
        "wait_sum_s": 0,
        "wait_coverage": null,
        "stalled_gt_0.25": 0,
        "stalled_gt_0.5": 0,
        "stalled_gt_1": 0,
        "stalled_gt_2": 0,
        "stalled_gt_5": 0
      },
      "guard128": {
        "trials": 1,
        "requests": 12,
        "stalled": 0,
        "evictions": 0,
        "replay": 0,
        "excess": 0,
        "worst": 0.08409754400054226,
        "budget_misses": 0,
        "repeat_victims": 0,
        "handoffs": 0,
        "growth_denials": 479,
        "wait_sum_s": 0,
        "wait_coverage": null,
        "stalled_gt_0.25": 0,
        "stalled_gt_0.5": 0,
        "stalled_gt_1": 0,
        "stalled_gt_2": 0,
        "stalled_gt_5": 0
      },
      "guard256": {
        "trials": 1,
        "requests": 12,
        "stalled": 0,
        "evictions": 0,
        "replay": 0,
        "excess": 0,
        "worst": 0.08659997700033273,
        "budget_misses": 0,
        "repeat_victims": 0,
        "handoffs": 0,
        "growth_denials": 565,
        "wait_sum_s": 0,
        "wait_coverage": null,
        "stalled_gt_0.25": 0,
        "stalled_gt_0.5": 0,
        "stalled_gt_1": 0,
        "stalled_gt_2": 0,
        "stalled_gt_5": 0
      },
      "guard_fast": {
        "trials": 1,
        "requests": 12,
        "stalled": 0,
        "evictions": 1476,
        "replay": 2010561,
        "excess": 0,
        "worst": 0.7556077930003084,
        "budget_misses": 4,
        "repeat_victims": 4,
        "handoffs": 1473,
        "growth_denials": 301,
        "wait_sum_s": 443.79268533800587,
        "wait_coverage": null,
        "stalled_gt_0.25": 4,
        "stalled_gt_0.5": 4,
        "stalled_gt_1": 0,
        "stalled_gt_2": 0,
        "stalled_gt_5": 0
      },
      "guard_relaxed": {
        "trials": 1,
        "requests": 12,
        "stalled": 0,
        "evictions": 248,
        "replay": 353259,
        "excess": 0,
        "worst": 0.8945658789998561,
        "budget_misses": 0,
        "repeat_victims": 4,
        "handoffs": 244,
        "growth_denials": 320,
        "wait_sum_s": 122.74427107199972,
        "wait_coverage": null,
        "stalled_gt_0.25": 5,
        "stalled_gt_0.5": 5,
        "stalled_gt_1": 0,
        "stalled_gt_2": 0,
        "stalled_gt_5": 0
      },
      "slai_port": {
        "trials": 1,
        "requests": 12,
        "stalled": 1,
        "evictions": 3,
        "replay": 2016,
        "excess": 1.7460325739994005,
        "worst": 2.7460325739994005,
        "budget_misses": 1,
        "repeat_victims": 1,
        "handoffs": 0,
        "growth_denials": 0,
        "wait_sum_s": 2.99249856500046,
        "wait_coverage": 0.962337449315406,
        "stalled_gt_0.25": 1,
        "stalled_gt_0.5": 1,
        "stalled_gt_1": 1,
        "stalled_gt_2": 1,
        "stalled_gt_5": 0
      }
    },
    "long_tail": {},
    "relief": {}
  },
  "paired_main": {
    "guard128_vs_growth_only": {
      "pairs": 1,
      "throughput_ratio_geo": 1.0377865712485224,
      "ttft_ratio_geo": 0.7034210400373611,
      "completion_ratio_geo": 0.9490597798964109,
      "throughput_ratio_min": 1.0377865712485224,
      "throughput_ratio_max": 1.0377865712485224,
      "reference_stalled": 0,
      "policy_stalled": 0,
      "reference_budget_misses": 0,
      "policy_budget_misses": 0,
      "reference_evictions": 0,
      "policy_evictions": 0,
      "reference_replay": 0,
      "policy_replay": 0,
      "reference_excess": 0,
      "policy_excess": 0,
      "reference_repeat_victims": 0,
      "policy_repeat_victims": 0,
      "reference_worst": 0.08080224199966324,
      "policy_worst": 0.08409754400054226,
      "gap_improved": 0,
      "gap_worsened": 0,
      "stalls_improved": 0,
      "stalls_worsened": 0
    },
    "guard128_vs_adaptive_resume": {
      "pairs": 1,
      "throughput_ratio_geo": 0.9864711347195745,
      "ttft_ratio_geo": 8.67590875456275,
      "completion_ratio_geo": 1.0008140546641948,
      "throughput_ratio_min": 0.9864711347195745,
      "throughput_ratio_max": 0.9864711347195745,
      "reference_stalled": 2,
      "policy_stalled": 0,
      "reference_budget_misses": 2,
      "policy_budget_misses": 0,
      "reference_evictions": 2,
      "policy_evictions": 0,
      "reference_replay": 925,
      "policy_replay": 0,
      "reference_excess": 2.5120704289993228,
      "policy_excess": 0,
      "reference_repeat_victims": 0,
      "policy_repeat_victims": 0,
      "reference_worst": 2.7691826579994085,
      "policy_worst": 0.08409754400054226,
      "gap_improved": 1,
      "gap_worsened": 0,
      "stalls_improved": 1,
      "stalls_worsened": 0
    },
    "guard256_vs_guard128": {
      "pairs": 1,
      "throughput_ratio_geo": 0.936083070734085,
      "ttft_ratio_geo": 4.712333822016371,
      "completion_ratio_geo": 1.0619680627846817,
      "throughput_ratio_min": 0.936083070734085,
      "throughput_ratio_max": 0.936083070734085,
      "reference_stalled": 0,
      "policy_stalled": 0,
      "reference_budget_misses": 0,
      "policy_budget_misses": 0,
      "reference_evictions": 0,
      "policy_evictions": 0,
      "reference_replay": 0,
      "policy_replay": 0,
      "reference_excess": 0,
      "policy_excess": 0,
      "reference_repeat_victims": 0,
      "policy_repeat_victims": 0,
      "reference_worst": 0.08409754400054226,
      "policy_worst": 0.08659997700033273,
      "gap_improved": 0,
      "gap_worsened": 0,
      "stalls_improved": 0,
      "stalls_worsened": 0
    },
    "guard128_vs_baseline": {
      "pairs": 1,
      "throughput_ratio_geo": 1.0049162703796843,
      "ttft_ratio_geo": 8.909641377269116,
      "completion_ratio_geo": 0.9734384744380987,
      "throughput_ratio_min": 1.0049162703796843,
      "throughput_ratio_max": 1.0049162703796843,
      "reference_stalled": 2,
      "policy_stalled": 0,
      "reference_budget_misses": 2,
      "policy_budget_misses": 0,
      "reference_evictions": 3,
      "policy_evictions": 0,
      "reference_replay": 1461,
      "policy_replay": 0,
      "reference_excess": 2.8561567420001666,
      "policy_excess": 0,
      "reference_repeat_victims": 1,
      "policy_repeat_victims": 0,
      "reference_worst": 2.959719538999707,
      "policy_worst": 0.08409754400054226,
      "gap_improved": 1,
      "gap_worsened": 0,
      "stalls_improved": 1,
      "stalls_worsened": 0
    },
    "growth_only_vs_baseline": {
      "pairs": 1,
      "throughput_ratio_geo": 0.9683265309269776,
      "ttft_ratio_geo": 12.666157066891111,
      "completion_ratio_geo": 1.0256872064943567,
      "throughput_ratio_min": 0.9683265309269776,
      "throughput_ratio_max": 0.9683265309269776,
      "reference_stalled": 2,
      "policy_stalled": 0,
      "reference_budget_misses": 2,
      "policy_budget_misses": 0,
      "reference_evictions": 3,
      "policy_evictions": 0,
      "reference_replay": 1461,
      "policy_replay": 0,
      "reference_excess": 2.8561567420001666,
      "policy_excess": 0,
      "reference_repeat_victims": 1,
      "policy_repeat_victims": 0,
      "reference_worst": 2.959719538999707,
      "policy_worst": 0.08080224199966324,
      "gap_improved": 1,
      "gap_worsened": 0,
      "stalls_improved": 1,
      "stalls_worsened": 0
    },
    "adaptive_resume_vs_baseline": {
      "pairs": 1,
      "throughput_ratio_geo": 1.0186980997323893,
      "ttft_ratio_geo": 1.026940419651537,
      "completion_ratio_geo": 0.9726466868660417,
      "throughput_ratio_min": 1.0186980997323893,
      "throughput_ratio_max": 1.0186980997323893,
      "reference_stalled": 2,
      "policy_stalled": 2,
      "reference_budget_misses": 2,
      "policy_budget_misses": 2,
      "reference_evictions": 3,
      "policy_evictions": 2,
      "reference_replay": 1461,
      "policy_replay": 925,
      "reference_excess": 2.8561567420001666,
      "policy_excess": 2.5120704289993228,
      "reference_repeat_victims": 1,
      "policy_repeat_victims": 0,
      "reference_worst": 2.959719538999707,
      "policy_worst": 2.7691826579994085,
      "gap_improved": 1,
      "gap_worsened": 0,
      "stalls_improved": 0,
      "stalls_worsened": 0
    },
    "guard128_vs_slai_port": {
      "pairs": 1,
      "throughput_ratio_geo": 0.9945213096267208,
      "ttft_ratio_geo": 8.815345815536455,
      "completion_ratio_geo": 0.8727440131468427,
      "throughput_ratio_min": 0.9945213096267208,
      "throughput_ratio_max": 0.9945213096267208,
      "reference_stalled": 1,
      "policy_stalled": 0,
      "reference_budget_misses": 1,
      "policy_budget_misses": 0,
      "reference_evictions": 3,
      "policy_evictions": 0,
      "reference_replay": 2016,
      "policy_replay": 0,
      "reference_excess": 1.7460325739994005,
      "policy_excess": 0,
      "reference_repeat_victims": 1,
      "policy_repeat_victims": 0,
      "reference_worst": 2.7460325739994005,
      "policy_worst": 0.08409754400054226,
      "gap_improved": 1,
      "gap_worsened": 0,
      "stalls_improved": 1,
      "stalls_worsened": 0
    },
    "slai_port_vs_baseline": {
      "pairs": 1,
      "throughput_ratio_geo": 1.0104522252588686,
      "ttft_ratio_geo": 1.0106967512909673,
      "completion_ratio_geo": 1.1153768571017557,
      "throughput_ratio_min": 1.0104522252588686,
      "throughput_ratio_max": 1.0104522252588686,
      "reference_stalled": 2,
      "policy_stalled": 1,
      "reference_budget_misses": 2,
      "policy_budget_misses": 1,
      "reference_evictions": 3,
      "policy_evictions": 3,
      "reference_replay": 1461,
      "policy_replay": 2016,
      "reference_excess": 2.8561567420001666,
      "policy_excess": 1.7460325739994005,
      "reference_repeat_victims": 1,
      "policy_repeat_victims": 1,
      "reference_worst": 2.959719538999707,
      "policy_worst": 2.7460325739994005,
      "gap_improved": 1,
      "gap_worsened": 0,
      "stalls_improved": 1,
      "stalls_worsened": 0
    },
    "guard256_vs_baseline": {
      "pairs": 1,
      "throughput_ratio_geo": 0.9406851082076589,
      "ttft_ratio_geo": 41.985204404141776,
      "completion_ratio_geo": 1.0337605709391036,
      "throughput_ratio_min": 0.9406851082076589,
      "throughput_ratio_max": 0.9406851082076589,
      "reference_stalled": 2,
      "policy_stalled": 0,
      "reference_budget_misses": 2,
      "policy_budget_misses": 0,
      "reference_evictions": 3,
      "policy_evictions": 0,
      "reference_replay": 1461,
      "policy_replay": 0,
      "reference_excess": 2.8561567420001666,
      "policy_excess": 0,
      "reference_repeat_victims": 1,
      "policy_repeat_victims": 0,
      "reference_worst": 2.959719538999707,
      "policy_worst": 0.08659997700033273,
      "gap_improved": 1,
      "gap_worsened": 0,
      "stalls_improved": 1,
      "stalls_worsened": 0
    }
  }
}
