{
  "completed_trials": 168,
  "completed_requests": 2016,
  "all": {
    "fixed": {
      "pairs": 56,
      "throughput_ratio_geomean": 0.9606832732874211,
      "throughput_ratio_median": 0.9943480280893252,
      "throughput_ratio_min": 0.6959639548531914,
      "throughput_ratio_max": 1.1341524263910718,
      "ttft_p50_ratio_geomean": 1.3290229744443154,
      "e2e_p95_ratio_geomean": 1.0480037718929118,
      "baseline_stalled_requests": 29,
      "policy_stalled_requests": 9,
      "baseline_evictions": 62,
      "policy_evictions": 12,
      "baseline_replay": 31417,
      "policy_replay": 8399,
      "baseline_excess_s": 100.63757243900454,
      "policy_excess_s": 44.27807599500011,
      "fewer_stalls_retains_90pct": 5,
      "fewer_stalls_retains_95pct": 3,
      "count_stall_improved": 11,
      "count_stall_worsened": 0
    },
    "adaptive": {
      "pairs": 56,
      "throughput_ratio_geomean": 0.9951470312679771,
      "throughput_ratio_median": 0.9983327041326022,
      "throughput_ratio_min": 0.8747810206425822,
      "throughput_ratio_max": 1.1175231334918534,
      "ttft_p50_ratio_geomean": 1.0132093402476952,
      "e2e_p95_ratio_geomean": 1.0082747817943796,
      "baseline_stalled_requests": 29,
      "policy_stalled_requests": 21,
      "baseline_evictions": 62,
      "policy_evictions": 36,
      "baseline_replay": 31417,
      "policy_replay": 19834,
      "baseline_excess_s": 100.63757243900454,
      "policy_excess_s": 72.91226684799585,
      "fewer_stalls_retains_90pct": 4,
      "fewer_stalls_retains_95pct": 4,
      "count_stall_improved": 5,
      "count_stall_worsened": 0
    }
  },
  "pressure": {
    "fixed": {
      "pairs": 16,
      "throughput_ratio_geomean": 0.9089070521441779,
      "throughput_ratio_median": 0.898512926593467,
      "throughput_ratio_min": 0.7697680530761852,
      "throughput_ratio_max": 1.0154416665617716,
      "ttft_p50_ratio_geomean": 1.993857303435902,
      "e2e_p95_ratio_geomean": 1.133345439790866,
      "baseline_stalled_requests": 29,
      "policy_stalled_requests": 9,
      "baseline_evictions": 62,
      "policy_evictions": 12,
      "baseline_replay": 31417,
      "policy_replay": 8399,
      "baseline_excess_s": 100.63757243900454,
      "policy_excess_s": 44.27807599500011,
      "fewer_stalls_retains_90pct": 5,
      "fewer_stalls_retains_95pct": 3,
      "count_stall_improved": 11,
      "count_stall_worsened": 0
    },
    "adaptive": {
      "pairs": 16,
      "throughput_ratio_geomean": 0.9943946238867525,
      "throughput_ratio_median": 1.007673509853153,
      "throughput_ratio_min": 0.8747810206425822,
      "throughput_ratio_max": 1.054774808541915,
      "ttft_p50_ratio_geomean": 1.0435171037371676,
      "e2e_p95_ratio_geomean": 1.0084703976616813,
      "baseline_stalled_requests": 29,
      "policy_stalled_requests": 21,
      "baseline_evictions": 62,
      "policy_evictions": 36,
      "baseline_replay": 31417,
      "policy_replay": 19834,
      "baseline_excess_s": 100.63757243900454,
      "policy_excess_s": 72.91226684799585,
      "fewer_stalls_retains_90pct": 4,
      "fewer_stalls_retains_95pct": 4,
      "count_stall_improved": 5,
      "count_stall_worsened": 0
    }
  },
  "configuration_tradeoffs": {
    "pairs": 24,
    "tradeoff_pairs": 7,
    "adaptive_batching_gain_retained_median": 1.000168732588611
  }
}
