{
  "completed_trials": 3,
  "completed_requests": 36,
  "all": {
    "fixed": {
      "pairs": 1,
      "throughput_ratio_geomean": 0.8489480707571635,
      "throughput_ratio_median": 0.8489480707571635,
      "throughput_ratio_min": 0.8489480707571635,
      "throughput_ratio_max": 0.8489480707571635,
      "ttft_p50_ratio_geomean": 1.3517054446729448,
      "e2e_p95_ratio_geomean": 1.2304729173402333,
      "baseline_stalled_requests": 3,
      "policy_stalled_requests": 0,
      "baseline_evictions": 9,
      "policy_evictions": 0,
      "baseline_replay": 4501,
      "policy_replay": 0,
      "baseline_excess_s": 4.652603986999566,
      "policy_excess_s": 0,
      "fewer_stalls_retains_90pct": 0,
      "fewer_stalls_retains_95pct": 0,
      "count_stall_improved": 1,
      "count_stall_worsened": 0
    },
    "adaptive": {
      "pairs": 1,
      "throughput_ratio_geomean": 0.8595278257282799,
      "throughput_ratio_median": 0.8595278257282799,
      "throughput_ratio_min": 0.8595278257282799,
      "throughput_ratio_max": 0.8595278257282799,
      "ttft_p50_ratio_geomean": 1.1351597882424975,
      "e2e_p95_ratio_geomean": 1.1045914590405648,
      "baseline_stalled_requests": 3,
      "policy_stalled_requests": 1,
      "baseline_evictions": 9,
      "policy_evictions": 3,
      "baseline_replay": 4501,
      "policy_replay": 1576,
      "baseline_excess_s": 4.652603986999566,
      "policy_excess_s": 1.7884192100000291,
      "fewer_stalls_retains_90pct": 0,
      "fewer_stalls_retains_95pct": 0,
      "count_stall_improved": 1,
      "count_stall_worsened": 0
    }
  },
  "pressure": {
    "fixed": {
      "pairs": 1,
      "throughput_ratio_geomean": 0.8489480707571635,
      "throughput_ratio_median": 0.8489480707571635,
      "throughput_ratio_min": 0.8489480707571635,
      "throughput_ratio_max": 0.8489480707571635,
      "ttft_p50_ratio_geomean": 1.3517054446729448,
      "e2e_p95_ratio_geomean": 1.2304729173402333,
      "baseline_stalled_requests": 3,
      "policy_stalled_requests": 0,
      "baseline_evictions": 9,
      "policy_evictions": 0,
      "baseline_replay": 4501,
      "policy_replay": 0,
      "baseline_excess_s": 4.652603986999566,
      "policy_excess_s": 0,
      "fewer_stalls_retains_90pct": 0,
      "fewer_stalls_retains_95pct": 0,
      "count_stall_improved": 1,
      "count_stall_worsened": 0
    },
    "adaptive": {
      "pairs": 1,
      "throughput_ratio_geomean": 0.8595278257282799,
      "throughput_ratio_median": 0.8595278257282799,
      "throughput_ratio_min": 0.8595278257282799,
      "throughput_ratio_max": 0.8595278257282799,
      "ttft_p50_ratio_geomean": 1.1351597882424975,
      "e2e_p95_ratio_geomean": 1.1045914590405648,
      "baseline_stalled_requests": 3,
      "policy_stalled_requests": 1,
      "baseline_evictions": 9,
      "policy_evictions": 3,
      "baseline_replay": 4501,
      "policy_replay": 1576,
      "baseline_excess_s": 4.652603986999566,
      "policy_excess_s": 1.7884192100000291,
      "fewer_stalls_retains_90pct": 0,
      "fewer_stalls_retains_95pct": 0,
      "count_stall_improved": 1,
      "count_stall_worsened": 0
    }
  },
  "configuration_tradeoffs": {
    "pairs": 0,
    "tradeoff_pairs": 0,
    "adaptive_batching_gain_retained_median": null
  }
}
