{
  "checks": {
    "completed_trials": 76,
    "completed_requests": 912,
    "token_counts_verified": true,
    "arrival_order_verified": true,
    "preemptions_match_metrics": true,
    "replay_matches_lost_positions": true,
    "policy_and_admission_checks": true,
    "extended_prefill_metric_excludes_replay": true,
    "source_hashes_verified": true,
    "unfinished_cells": [],
    "diagnostics_excluded": true,
    "previous_source": false
  },
  "policies": {
    "adaptive": {
      "trials": 12,
      "requests": 144,
      "stalled_requests": 17,
      "evictions": 32,
      "replay": 18619,
      "worst_gap": 10.396863426999516,
      "excess_s": 66.3908333839986,
      "total_long_gap_s": 83.3908333839986,
      "wait_covered_gap_s": 80.69149824099804,
      "wait_coverage_fraction": 0.9676303133874362,
      "wait_sum_s": 87.17770162100032,
      "wait_max_s": 10.307503485999405,
      "watermark_decision_s": 9.813522635000027,
      "capacity_decision_s": 76.84940967399871,
      "no_attempt_decision_s": 0.5088000470004772,
      "binding_waiver_admissions": 0,
      "repeatedly_evicted_requests": 4,
      "evicted_stalled_requests": 17,
      "uncensored_episodes": 32,
      "censored_episodes": 0,
      "episode_wait_median": 0.9022890865001045,
      "clean_replay_to_delivery_median": 0.10567878350047977,
      "clean_replay_to_delivery_p95": 0.23663775334985074,
      "thresholds": {
        "0.5": 22,
        "1": 17,
        "2": 13,
        "5": 5
      }
    },
    "adaptive_resume": {
      "trials": 12,
      "requests": 144,
      "stalled_requests": 16,
      "evictions": 35,
      "replay": 21155,
      "worst_gap": 10.430267415999879,
      "excess_s": 54.85361517100091,
      "total_long_gap_s": 70.85361517100091,
      "wait_covered_gap_s": 68.16744448599957,
      "wait_coverage_fraction": 0.9620884456139827,
      "wait_sum_s": 77.20083386400029,
      "wait_max_s": 10.278880150000077,
      "watermark_decision_s": 0,
      "capacity_decision_s": 76.58983267999793,
      "no_attempt_decision_s": 0.6040347130024202,
      "binding_waiver_admissions": 20,
      "repeatedly_evicted_requests": 7,
      "evicted_stalled_requests": 16,
      "uncensored_episodes": 35,
      "censored_episodes": 0,
      "episode_wait_median": 0.8251721679998809,
      "clean_replay_to_delivery_median": 0.12648621400012416,
      "clean_replay_to_delivery_p95": 0.23230343350032853,
      "thresholds": {
        "0.5": 22,
        "1": 16,
        "2": 11,
        "5": 5
      }
    },
    "baseline": {
      "trials": 12,
      "requests": 144,
      "stalled_requests": 27,
      "evictions": 58,
      "replay": 29941,
      "worst_gap": 10.266853871999956,
      "excess_s": 99.4869402649997,
      "total_long_gap_s": 128.4869402649997,
      "wait_covered_gap_s": 123.62403337499882,
      "wait_coverage_fraction": 0.9621525200929268,
      "wait_sum_s": 137.32503446499868,
      "wait_max_s": 10.220708368999567,
      "watermark_decision_s": 0,
      "capacity_decision_s": 136.19214724899848,
      "no_attempt_decision_s": 1.121071310998559,
      "binding_waiver_admissions": 0,
      "repeatedly_evicted_requests": 10,
      "evicted_stalled_requests": 27,
      "uncensored_episodes": 58,
      "censored_episodes": 0,
      "episode_wait_median": 0.8812112154998886,
      "clean_replay_to_delivery_median": 0.13009071549981854,
      "clean_replay_to_delivery_p95": 0.23697030234989142,
      "thresholds": {
        "0.5": 36,
        "1": 27,
        "2": 20,
        "5": 8
      }
    },
    "fixed": {
      "trials": 12,
      "requests": 144,
      "stalled_requests": 9,
      "evictions": 12,
      "replay": 8416,
      "worst_gap": 10.657334047000404,
      "excess_s": 46.890911088000394,
      "total_long_gap_s": 55.890911088000394,
      "wait_covered_gap_s": 54.16104445300016,
      "wait_coverage_fraction": 0.9690492317744372,
      "wait_sum_s": 55.94915581599889,
      "wait_max_s": 10.35366201800025,
      "watermark_decision_s": 6.828448491999552,
      "capacity_decision_s": 48.92807862999962,
      "no_attempt_decision_s": 0.19015297600117265,
      "binding_waiver_admissions": 0,
      "repeatedly_evicted_requests": 0,
      "evicted_stalled_requests": 9,
      "uncensored_episodes": 12,
      "censored_episodes": 0,
      "episode_wait_median": 4.1714385225000115,
      "clean_replay_to_delivery_median": 0.14655313299999762,
      "clean_replay_to_delivery_p95": 0.32192670744980206,
      "thresholds": {
        "0.5": 12,
        "1": 9,
        "2": 8,
        "5": 5
      }
    },
    "fixed_resume": {
      "trials": 12,
      "requests": 144,
      "stalled_requests": 9,
      "evictions": 16,
      "replay": 11349,
      "worst_gap": 8.071224254999834,
      "excess_s": 37.299663037998926,
      "total_long_gap_s": 47.299663037998926,
      "wait_covered_gap_s": 45.52273100800039,
      "wait_coverage_fraction": 0.9624324590098875,
      "wait_sum_s": 49.12767919999942,
      "wait_max_s": 7.964330556000277,
      "watermark_decision_s": 0,
      "capacity_decision_s": 48.86970200300084,
      "no_attempt_decision_s": 0.2553366659976746,
      "binding_waiver_admissions": 12,
      "repeatedly_evicted_requests": 4,
      "evicted_stalled_requests": 9,
      "uncensored_episodes": 16,
      "censored_episodes": 0,
      "episode_wait_median": 2.0224059049996868,
      "clean_replay_to_delivery_median": 0.1590413594999518,
      "clean_replay_to_delivery_p95": 0.25349500449988227,
      "thresholds": {
        "0.5": 11,
        "1": 9,
        "2": 8,
        "5": 4
      }
    }
  },
  "paired": {
    "adaptive_resume_vs_adaptive": {
      "pairs": 12,
      "throughput_ratio_geo": 0.988704065153019,
      "throughput_ratio_min": 0.9078132224019759,
      "throughput_ratio_max": 1.0594056254767992,
      "ttft_ratio_geo": 1.030331856320523,
      "completion_ratio_geo": 1.0149280815037678,
      "reference_stalled": 17,
      "policy_stalled": 16,
      "reference_evictions": 32,
      "policy_evictions": 35,
      "reference_replay": 18619,
      "policy_replay": 21155,
      "reference_excess_s": 66.3908333839986,
      "policy_excess_s": 54.85361517100091,
      "reference_worst_gap": 10.396863426999516,
      "policy_worst_gap": 10.430267415999879,
      "stalled_improved": 1,
      "stalled_worsened": 0,
      "gap_improved": 6,
      "gap_worsened": 1,
      "fewer_evictions_but_worse_gap": 0,
      "same_evictions_gap_improved": 4
    },
    "adaptive_vs_baseline": {
      "pairs": 12,
      "throughput_ratio_geo": 0.9682691790136072,
      "throughput_ratio_min": 0.8421014788926586,
      "throughput_ratio_max": 1.0161009439289554,
      "ttft_ratio_geo": 1.1010577118400329,
      "completion_ratio_geo": 1.0336806055500865,
      "reference_stalled": 27,
      "policy_stalled": 17,
      "reference_evictions": 58,
      "policy_evictions": 32,
      "reference_replay": 29941,
      "policy_replay": 18619,
      "reference_excess_s": 99.4869402649997,
      "policy_excess_s": 66.3908333839986,
      "reference_worst_gap": 10.266853871999956,
      "policy_worst_gap": 10.396863426999516,
      "stalled_improved": 6,
      "stalled_worsened": 0,
      "gap_improved": 7,
      "gap_worsened": 5,
      "fewer_evictions_but_worse_gap": 4,
      "same_evictions_gap_improved": 1
    },
    "adaptive_resume_vs_baseline": {
      "pairs": 12,
      "throughput_ratio_geo": 0.9573316734531298,
      "throughput_ratio_min": 0.8761000960135308,
      "throughput_ratio_max": 1.0141590424038887,
      "ttft_ratio_geo": 1.1344548361561686,
      "completion_ratio_geo": 1.0491114738786023,
      "reference_stalled": 27,
      "policy_stalled": 16,
      "reference_evictions": 58,
      "policy_evictions": 35,
      "reference_replay": 29941,
      "policy_replay": 21155,
      "reference_excess_s": 99.4869402649997,
      "policy_excess_s": 54.85361517100091,
      "reference_worst_gap": 10.266853871999956,
      "policy_worst_gap": 10.430267415999879,
      "stalled_improved": 7,
      "stalled_worsened": 0,
      "gap_improved": 9,
      "gap_worsened": 2,
      "fewer_evictions_but_worse_gap": 2,
      "same_evictions_gap_improved": 1
    },
    "fixed_vs_baseline": {
      "pairs": 12,
      "throughput_ratio_geo": 0.9243017706151198,
      "throughput_ratio_min": 0.8218597894231268,
      "throughput_ratio_max": 0.9937776803979996,
      "ttft_ratio_geo": 2.2117834239553726,
      "completion_ratio_geo": 1.1165231013816572,
      "reference_stalled": 27,
      "policy_stalled": 9,
      "reference_evictions": 58,
      "policy_evictions": 12,
      "reference_replay": 29941,
      "policy_replay": 8416,
      "reference_excess_s": 99.4869402649997,
      "policy_excess_s": 46.890911088000394,
      "reference_worst_gap": 10.266853871999956,
      "policy_worst_gap": 10.657334047000404,
      "stalled_improved": 9,
      "stalled_worsened": 0,
      "gap_improved": 10,
      "gap_worsened": 2,
      "fewer_evictions_but_worse_gap": 2,
      "same_evictions_gap_improved": 0
    },
    "fixed_resume_vs_baseline": {
      "pairs": 12,
      "throughput_ratio_geo": 0.9216302649639402,
      "throughput_ratio_min": 0.8261140925954271,
      "throughput_ratio_max": 1.0296820256807873,
      "ttft_ratio_geo": 2.3530671339612117,
      "completion_ratio_geo": 1.1182030556734817,
      "reference_stalled": 27,
      "policy_stalled": 9,
      "reference_evictions": 58,
      "policy_evictions": 16,
      "reference_replay": 29941,
      "policy_replay": 11349,
      "reference_excess_s": 99.4869402649997,
      "policy_excess_s": 37.299663037998926,
      "reference_worst_gap": 10.266853871999956,
      "policy_worst_gap": 8.071224254999834,
      "stalled_improved": 9,
      "stalled_worsened": 0,
      "gap_improved": 10,
      "gap_worsened": 1,
      "fewer_evictions_but_worse_gap": 1,
      "same_evictions_gap_improved": 0
    },
    "fixed_resume_vs_fixed": {
      "pairs": 12,
      "throughput_ratio_geo": 0.9971097040640725,
      "throughput_ratio_min": 0.9627533212289952,
      "throughput_ratio_max": 1.0487732788606896,
      "ttft_ratio_geo": 1.0638777325463353,
      "completion_ratio_geo": 1.001504630123412,
      "reference_stalled": 9,
      "policy_stalled": 9,
      "reference_evictions": 12,
      "policy_evictions": 16,
      "reference_replay": 8416,
      "policy_replay": 11349,
      "reference_excess_s": 46.890911088000394,
      "policy_excess_s": 37.299663037998926,
      "reference_worst_gap": 10.657334047000404,
      "policy_worst_gap": 8.071224254999834,
      "stalled_improved": 0,
      "stalled_worsened": 0,
      "gap_improved": 4,
      "gap_worsened": 0,
      "fewer_evictions_but_worse_gap": 0,
      "same_evictions_gap_improved": 0
    }
  }
}
