{
  "checks": {
    "completed_trials": 168,
    "completed_requests": 2016,
    "token_counts_verified": true,
    "arrival_order_verified": true,
    "preemptions_match_metrics": true,
    "replay_matches_lost_positions": true,
    "policy_and_admission_checks": true,
    "extended_prefill_metric_excludes_replay": true,
    "source_hashes_verified": true,
    "unfinished_cells": [],
    "diagnostics_excluded": true,
    "previous_source": true
  },
  "policies": {
    "adaptive": {
      "trials": 16,
      "requests": 192,
      "stalled_requests": 21,
      "evictions": 36,
      "replay": 19834,
      "worst_gap": 10.166922611999325,
      "excess_s": 72.91226684799585,
      "total_long_gap_s": 93.91226684799585,
      "wait_covered_gap_s": 90.96968594999271,
      "wait_coverage_fraction": 0.968666703544001,
      "wait_sum_s": 97.21125292499346,
      "wait_max_s": 9.977213831998597,
      "watermark_decision_s": null,
      "capacity_decision_s": null,
      "no_attempt_decision_s": null,
      "binding_waiver_admissions": 0,
      "repeatedly_evicted_requests": 4,
      "evicted_stalled_requests": 21,
      "uncensored_episodes": 36,
      "censored_episodes": 0,
      "episode_wait_median": 1.3028708295000797,
      "clean_replay_to_delivery_median": 0.0924432980000347,
      "clean_replay_to_delivery_p95": 0.22697445599897037,
      "thresholds": {
        "0.5": 26,
        "1": 21,
        "2": 17,
        "5": 7
      }
    },
    "baseline": {
      "trials": 16,
      "requests": 192,
      "stalled_requests": 29,
      "evictions": 62,
      "replay": 31417,
      "worst_gap": 9.536520301000564,
      "excess_s": 100.63757243900454,
      "total_long_gap_s": 132.63757243900454,
      "wait_covered_gap_s": 127.77144536199921,
      "wait_coverage_fraction": 0.9633126045092306,
      "wait_sum_s": 141.19980538299933,
      "wait_max_s": 9.492501190999974,
      "watermark_decision_s": null,
      "capacity_decision_s": null,
      "no_attempt_decision_s": null,
      "binding_waiver_admissions": 0,
      "repeatedly_evicted_requests": 10,
      "evicted_stalled_requests": 29,
      "uncensored_episodes": 62,
      "censored_episodes": 0,
      "episode_wait_median": 0.875102209999568,
      "clean_replay_to_delivery_median": 0.12061096699926566,
      "clean_replay_to_delivery_p95": 0.22160494410018144,
      "thresholds": {
        "0.5": 38,
        "1": 29,
        "2": 22,
        "5": 8
      }
    },
    "fixed": {
      "trials": 16,
      "requests": 192,
      "stalled_requests": 9,
      "evictions": 12,
      "replay": 8399,
      "worst_gap": 10.257015773999228,
      "excess_s": 44.27807599500011,
      "total_long_gap_s": 53.27807599500011,
      "wait_covered_gap_s": 51.62590465299763,
      "wait_coverage_fraction": 0.9689896582947641,
      "wait_sum_s": 53.21853042999646,
      "wait_max_s": 9.977481054000236,
      "watermark_decision_s": null,
      "capacity_decision_s": null,
      "no_attempt_decision_s": null,
      "binding_waiver_admissions": 0,
      "repeatedly_evicted_requests": 0,
      "evicted_stalled_requests": 9,
      "uncensored_episodes": 12,
      "censored_episodes": 0,
      "episode_wait_median": 4.0441137520001575,
      "clean_replay_to_delivery_median": 0.14076090100024885,
      "clean_replay_to_delivery_p95": 0.29903010429943605,
      "thresholds": {
        "0.5": 11,
        "1": 9,
        "2": 8,
        "5": 4
      }
    }
  },
  "paired": {
    "adaptive_vs_baseline": {
      "pairs": 16,
      "throughput_ratio_geo": 0.9943946238867525,
      "throughput_ratio_min": 0.8747810206425822,
      "throughput_ratio_max": 1.054774808541915,
      "ttft_ratio_geo": 1.0435171037371676,
      "completion_ratio_geo": 1.0084703976616813,
      "reference_stalled": 29,
      "policy_stalled": 21,
      "reference_evictions": 62,
      "policy_evictions": 36,
      "reference_replay": 31417,
      "policy_replay": 19834,
      "reference_excess_s": 100.63757243900454,
      "policy_excess_s": 72.91226684799585,
      "reference_worst_gap": 9.536520301000564,
      "policy_worst_gap": 10.166922611999325,
      "stalled_improved": 5,
      "stalled_worsened": 0,
      "gap_improved": 8,
      "gap_worsened": 5,
      "fewer_evictions_but_worse_gap": 4,
      "same_evictions_gap_improved": 2
    },
    "fixed_vs_baseline": {
      "pairs": 16,
      "throughput_ratio_geo": 0.9089070521441779,
      "throughput_ratio_min": 0.7697680530761852,
      "throughput_ratio_max": 1.0154416665617716,
      "ttft_ratio_geo": 1.993857303435902,
      "completion_ratio_geo": 1.133345439790866,
      "reference_stalled": 29,
      "policy_stalled": 9,
      "reference_evictions": 62,
      "policy_evictions": 12,
      "reference_replay": 31417,
      "policy_replay": 8399,
      "reference_excess_s": 100.63757243900454,
      "policy_excess_s": 44.27807599500011,
      "reference_worst_gap": 9.536520301000564,
      "policy_worst_gap": 10.257015773999228,
      "stalled_improved": 11,
      "stalled_worsened": 0,
      "gap_improved": 14,
      "gap_worsened": 2,
      "fewer_evictions_but_worse_gap": 2,
      "same_evictions_gap_improved": 0
    }
  }
}
